PRT1
201
460
4 0 21 (4096 4096 0 ) (4096 4096 5120 ) (4096 5120 5120 ) (4096 5120 0 ) 
4 0 2 (5120 4096 0 ) (5120 4096 5120 ) (4096 4096 5120 ) (4096 4096 0 ) 
4 0 1 (5120 4096 0 ) (4096 4096 0 ) (4096 5120 0 ) (5120 5120 0 ) 
4 1 22 (4096 4096 -256 ) (4096 4096 0 ) (4096 5120 0 ) (4096 5120 -256 ) 
4 1 3 (5120 4096 -256 ) (5120 4096 0 ) (4096 4096 0 ) (4096 4096 -256 ) 
4 2 31 (4096 3072 0 ) (4096 3072 5120 ) (4096 4096 5120 ) (4096 4096 0 ) 
4 2 4 (5120 3072 0 ) (5120 3072 5120 ) (4096 3072 5120 ) (4096 3072 0 ) 
4 2 3 (5120 3072 0 ) (4096 3072 0 ) (4096 4096 0 ) (5120 4096 0 ) 
4 3 32 (4096 3072 -256 ) (4096 3072 0 ) (4096 4096 0 ) (4096 4096 -256 ) 
4 3 5 (5120 3072 -256 ) (5120 3072 0 ) (4096 3072 0 ) (4096 3072 -256 ) 
4 4 35 (4096 2048 0 ) (4096 2048 5120 ) (4096 3072 5120 ) (4096 3072 0 ) 
4 4 6 (5120 2048 0 ) (5120 2048 5120 ) (4096 2048 5120 ) (4096 2048 0 ) 
4 4 5 (5120 2048 0 ) (4096 2048 0 ) (4096 3072 0 ) (5120 3072 0 ) 
4 5 36 (4096 2048 -256 ) (4096 2048 0 ) (4096 3072 0 ) (4096 3072 -256 ) 
4 5 7 (5120 2048 -256 ) (5120 2048 0 ) (4096 2048 0 ) (4096 2048 -256 ) 
4 6 39 (4096 1024 0 ) (4096 1024 5120 ) (4096 2048 5120 ) (4096 2048 0 ) 
4 6 8 (5120 1024 0 ) (5120 1024 5120 ) (4096 1024 5120 ) (4096 1024 0 ) 
4 6 7 (5120 1024 0 ) (4096 1024 0 ) (4096 2048 0 ) (5120 2048 0 ) 
4 7 40 (4096 1024 -256 ) (4096 1024 0 ) (4096 2048 0 ) (4096 2048 -256 ) 
4 7 9 (5120 1024 -256 ) (5120 1024 0 ) (4096 1024 0 ) (4096 1024 -256 ) 
4 8 43 (4096 0 0 ) (4096 0 5120 ) (4096 1024 5120 ) (4096 1024 0 ) 
4 8 11 (5120 0 0 ) (5120 0 5120 ) (4096 0 5120 ) (4096 0 0 ) 
4 8 9 (5120 0 0 ) (4096 0 0 ) (4096 1024 0 ) (5120 1024 0 ) 
4 9 44 (4096 0 -256 ) (4096 0 0 ) (4096 1024 0 ) (4096 1024 -256 ) 
4 9 12 (5120 0 -256 ) (5120 0 0 ) (4096 0 0 ) (4096 0 -256 ) 
4 11 111 (4096 -1024 0 ) (4096 -1024 5120 ) (4096 0 5120 ) (4096 0 0 ) 
4 11 13 (5120 -1024 0 ) (5120 -1024 5120 ) (4096 -1024 5120 ) (4096 -1024 0 ) 
4 11 12 (5120 -1024 0 ) (4096 -1024 0 ) (4096 0 0 ) (5120 0 0 ) 
4 12 112 (4096 -1024 -256 ) (4096 -1024 0 ) (4096 0 0 ) (4096 0 -256 ) 
4 12 14 (5120 -1024 -256 ) (5120 -1024 0 ) (4096 -1024 0 ) (4096 -1024 -256 ) 
4 13 115 (4096 -2048 0 ) (4096 -2048 5120 ) (4096 -1024 5120 ) (4096 -1024 0 ) 
4 13 15 (5120 -2048 0 ) (5120 -2048 5120 ) (4096 -2048 5120 ) (4096 -2048 0 ) 
4 13 14 (5120 -2048 0 ) (4096 -2048 0 ) (4096 -1024 0 ) (5120 -1024 0 ) 
4 14 116 (4096 -2048 -256 ) (4096 -2048 0 ) (4096 -1024 0 ) (4096 -1024 -256 ) 
4 14 16 (5120 -2048 -256 ) (5120 -2048 0 ) (4096 -2048 0 ) (4096 -2048 -256 ) 
4 15 119 (4096 -3072 0 ) (4096 -3072 5120 ) (4096 -2048 5120 ) (4096 -2048 0 ) 
4 15 17 (5120 -3072 0 ) (5120 -3072 5120 ) (4096 -3072 5120 ) (4096 -3072 0 ) 
4 15 16 (5120 -3072 0 ) (4096 -3072 0 ) (4096 -2048 0 ) (5120 -2048 0 ) 
4 16 120 (4096 -3072 -256 ) (4096 -3072 0 ) (4096 -2048 0 ) (4096 -2048 -256 ) 
4 16 18 (5120 -3072 -256 ) (5120 -3072 0 ) (4096 -3072 0 ) (4096 -3072 -256 ) 
4 17 141 (4096 -4096 0 ) (4096 -4096 5120 ) (4096 -3072 5120 ) (4096 -3072 0 ) 
4 17 19 (5120 -4096 0 ) (5120 -4096 5120 ) (4096 -4096 5120 ) (4096 -4096 0 ) 
4 17 18 (5120 -4096 0 ) (4096 -4096 0 ) (4096 -3072 0 ) (5120 -3072 0 ) 
4 18 142 (4096 -4096 -256 ) (4096 -4096 0 ) (4096 -3072 0 ) (4096 -3072 -256 ) 
4 18 20 (5120 -4096 -256 ) (5120 -4096 0 ) (4096 -4096 0 ) (4096 -4096 -256 ) 
4 19 145 (4096 -5120 0 ) (4096 -5120 5120 ) (4096 -4096 5120 ) (4096 -4096 0 ) 
4 19 20 (5120 -5120 0 ) (4096 -5120 0 ) (4096 -4096 0 ) (5120 -4096 0 ) 
4 20 146 (4096 -5120 -256 ) (4096 -5120 0 ) (4096 -4096 0 ) (4096 -4096 -256 ) 
4 21 31 (4096 4096 0 ) (4096 4096 5120 ) (3072 4096 5120 ) (3072 4096 0 ) 
4 21 23 (3072 4096 0 ) (3072 4096 5120 ) (3072 5120 5120 ) (3072 5120 0 ) 
4 21 22 (3072 5120 0 ) (4096 5120 0 ) (4096 4096 0 ) (3072 4096 0 ) 
4 22 32 (4096 4096 -256 ) (4096 4096 0 ) (3072 4096 0 ) (3072 4096 -256 ) 
4 22 24 (3072 4096 -256 ) (3072 4096 0 ) (3072 5120 0 ) (3072 5120 -256 ) 
4 23 33 (3072 4096 0 ) (3072 4096 5120 ) (2048 4096 5120 ) (2048 4096 0 ) 
4 23 25 (2048 4096 0 ) (2048 4096 5120 ) (2048 5120 5120 ) (2048 5120 0 ) 
4 23 24 (2048 4096 0 ) (2048 5120 0 ) (3072 5120 0 ) (3072 4096 0 ) 
4 24 34 (3072 4096 -256 ) (3072 4096 0 ) (2048 4096 0 ) (2048 4096 -256 ) 
4 24 26 (2048 4096 -256 ) (2048 4096 0 ) (2048 5120 0 ) (2048 5120 -256 ) 
4 25 47 (2048 4096 0 ) (2048 4096 5120 ) (1024 4096 5120 ) (1024 4096 0 ) 
4 25 27 (1024 4096 0 ) (1024 4096 5120 ) (1024 5120 5120 ) (1024 5120 0 ) 
4 25 26 (2048 4096 0 ) (1024 4096 0 ) (1024 5120 0 ) (2048 5120 0 ) 
4 26 48 (2048 4096 -256 ) (2048 4096 0 ) (1024 4096 0 ) (1024 4096 -256 ) 
4 26 28 (1024 4096 -256 ) (1024 4096 0 ) (1024 5120 0 ) (1024 5120 -256 ) 
4 27 51 (1024 4096 0 ) (1024 4096 5120 ) (0 4096 5120 ) (0 4096 0 ) 
4 27 29 (0 4096 0 ) (0 4096 5120 ) (0 5120 5120 ) (0 5120 0 ) 
4 27 28 (0 5120 0 ) (1024 5120 0 ) (1024 4096 0 ) (0 4096 0 ) 
4 28 52 (1024 4096 -256 ) (1024 4096 0 ) (0 4096 0 ) (0 4096 -256 ) 
4 28 30 (0 4096 -256 ) (0 4096 0 ) (0 5120 0 ) (0 5120 -256 ) 
4 29 71 (-1024 4096 0 ) (-1024 4096 5120 ) (-1024 5120 5120 ) (-1024 5120 0 ) 
4 29 53 (0 4096 0 ) (0 4096 5120 ) (-1024 4096 5120 ) (-1024 4096 0 ) 
4 29 30 (-1024 5120 0 ) (0 5120 0 ) (0 4096 0 ) (-1024 4096 0 ) 
4 30 72 (-1024 4096 -256 ) (-1024 4096 0 ) (-1024 5120 0 ) (-1024 5120 -256 ) 
4 30 54 (0 4096 -256 ) (0 4096 0 ) (-1024 4096 0 ) (-1024 4096 -256 ) 
4 31 35 (4096 3072 0 ) (4096 3072 5120 ) (3072 3072 5120 ) (3072 3072 0 ) 
4 31 33 (3072 3072 0 ) (3072 3072 5120 ) (3072 4096 5120 ) (3072 4096 0 ) 
4 31 32 (4096 3072 0 ) (3072 3072 0 ) (3072 4096 0 ) (4096 4096 0 ) 
4 32 36 (4096 3072 -256 ) (4096 3072 0 ) (3072 3072 0 ) (3072 3072 -256 ) 
4 32 34 (3072 3072 -256 ) (3072 3072 0 ) (3072 4096 0 ) (3072 4096 -256 ) 
4 33 47 (2048 4096 5120 ) (2048 4096 0 ) (2048 3072 0 ) (2048 3072 5120 ) 
4 33 37 (2048 3072 5120 ) (2048 3072 0 ) (3072 3072 0 ) (3072 3072 5120 ) 
4 33 34 (3072 4096 0 ) (3072 3072 0 ) (2048 3072 0 ) (2048 4096 0 ) 
4 34 48 (2048 4096 0 ) (2048 4096 -256 ) (2048 3072 -256 ) (2048 3072 0 ) 
4 34 38 (2048 3072 0 ) (2048 3072 -256 ) (3072 3072 -256 ) (3072 3072 0 ) 
4 35 39 (4096 2048 0 ) (4096 2048 5120 ) (3072 2048 5120 ) (3072 2048 0 ) 
4 35 37 (3072 3072 5120 ) (3072 3072 0 ) (3072 2048 0 ) (3072 2048 5120 ) 
4 35 36 (3072 3072 0 ) (4096 3072 0 ) (4096 2048 0 ) (3072 2048 0 ) 
4 36 40 (4096 2048 -256 ) (4096 2048 0 ) (3072 2048 0 ) (3072 2048 -256 ) 
4 36 38 (3072 3072 0 ) (3072 3072 -256 ) (3072 2048 -256 ) (3072 2048 0 ) 
4 37 49 (2048 2048 0 ) (2048 2048 5120 ) (2048 3072 5120 ) (2048 3072 0 ) 
4 37 41 (3072 2048 0 ) (3072 2048 5120 ) (2048 2048 5120 ) (2048 2048 0 ) 
4 37 38 (2048 2048 0 ) (2048 3072 0 ) (3072 3072 0 ) (3072 2048 0 ) 
4 38 50 (2048 2048 -256 ) (2048 2048 0 ) (2048 3072 0 ) (2048 3072 -256 ) 
4 38 42 (3072 2048 -256 ) (3072 2048 0 ) (2048 2048 0 ) (2048 2048 -256 ) 
4 39 43 (4096 1024 0 ) (4096 1024 5120 ) (3072 1024 5120 ) (3072 1024 0 ) 
4 39 41 (3072 1024 0 ) (3072 1024 5120 ) (3072 2048 5120 ) (3072 2048 0 ) 
4 39 40 (4096 1024 0 ) (3072 1024 0 ) (3072 2048 0 ) (4096 2048 0 ) 
4 40 44 (4096 1024 -256 ) (4096 1024 0 ) (3072 1024 0 ) (3072 1024 -256 ) 
4 40 42 (3072 1024 -256 ) (3072 1024 0 ) (3072 2048 0 ) (3072 2048 -256 ) 
4 41 59 (2048 1024 0 ) (2048 1024 5120 ) (2048 2048 5120 ) (2048 2048 0 ) 
4 41 45 (2048 1024 5120 ) (2048 1024 0 ) (3072 1024 0 ) (3072 1024 5120 ) 
4 41 42 (2048 2048 0 ) (3072 2048 0 ) (3072 1024 0 ) (2048 1024 0 ) 
4 42 60 (2048 1024 -256 ) (2048 1024 0 ) (2048 2048 0 ) (2048 2048 -256 ) 
4 42 46 (2048 1024 0 ) (2048 1024 -256 ) (3072 1024 -256 ) (3072 1024 0 ) 
4 43 111 (4096 0 0 ) (4096 0 5120 ) (3072 0 5120 ) (3072 0 0 ) 
4 43 45 (3072 1024 5120 ) (3072 1024 0 ) (3072 0 0 ) (3072 0 5120 ) 
4 43 44 (3072 1024 0 ) (4096 1024 0 ) (4096 0 0 ) (3072 0 0 ) 
4 44 112 (4096 0 -256 ) (4096 0 0 ) (3072 0 0 ) (3072 0 -256 ) 
4 44 46 (3072 1024 0 ) (3072 1024 -256 ) (3072 0 -256 ) (3072 0 0 ) 
4 45 113 (3072 0 0 ) (3072 0 5120 ) (2048 0 5120 ) (2048 0 0 ) 
4 45 61 (2048 0 0 ) (2048 0 5120 ) (2048 1024 5120 ) (2048 1024 0 ) 
4 45 46 (2048 0 0 ) (2048 1024 0 ) (3072 1024 0 ) (3072 0 0 ) 
4 46 114 (3072 0 -256 ) (3072 0 0 ) (2048 0 0 ) (2048 0 -256 ) 
4 46 62 (2048 0 -256 ) (2048 0 0 ) (2048 1024 0 ) (2048 1024 -256 ) 
4 47 51 (1024 4096 5120 ) (1024 4096 0 ) (1024 3072 0 ) (1024 3072 5120 ) 
4 47 49 (2048 3072 0 ) (2048 3072 5120 ) (1024 3072 5120 ) (1024 3072 0 ) 
4 47 48 (1024 3072 0 ) (1024 4096 0 ) (2048 4096 0 ) (2048 3072 0 ) 
4 48 52 (1024 4096 0 ) (1024 4096 -256 ) (1024 3072 -256 ) (1024 3072 0 ) 
4 48 50 (2048 3072 -256 ) (2048 3072 0 ) (1024 3072 0 ) (1024 3072 -256 ) 
4 49 59 (2048 2048 0 ) (2048 2048 5120 ) (1024 2048 5120 ) (1024 2048 0 ) 
4 49 55 (1024 2048 0 ) (1024 2048 5120 ) (1024 3072 5120 ) (1024 3072 0 ) 
4 49 50 (1024 2048 0 ) (1024 3072 0 ) (2048 3072 0 ) (2048 2048 0 ) 
4 50 60 (2048 2048 -256 ) (2048 2048 0 ) (1024 2048 0 ) (1024 2048 -256 ) 
4 50 56 (1024 2048 -256 ) (1024 2048 0 ) (1024 3072 0 ) (1024 3072 -256 ) 
4 51 55 (1024 3072 0 ) (1024 3072 5120 ) (0 3072 5120 ) (0 3072 0 ) 
4 51 53 (0 4096 5120 ) (0 4096 0 ) (0 3072 0 ) (0 3072 5120 ) 
4 51 52 (1024 3072 0 ) (0 3072 0 ) (0 4096 0 ) (1024 4096 0 ) 
4 52 56 (1024 3072 -256 ) (1024 3072 0 ) (0 3072 0 ) (0 3072 -256 ) 
4 52 54 (0 4096 0 ) (0 4096 -256 ) (0 3072 -256 ) (0 3072 0 ) 
4 53 79 (-1024 3072 0 ) (-1024 3072 5120 ) (-1024 4096 5120 ) (-1024 4096 0 ) 
4 53 57 (0 3072 0 ) (0 3072 5120 ) (-1024 3072 5120 ) (-1024 3072 0 ) 
4 53 54 (0 4096 0 ) (0 3072 0 ) (-1024 3072 0 ) (-1024 4096 0 ) 
4 54 80 (-1024 3072 -256 ) (-1024 3072 0 ) (-1024 4096 0 ) (-1024 4096 -256 ) 
4 54 58 (0 3072 -256 ) (0 3072 0 ) (-1024 3072 0 ) (-1024 3072 -256 ) 
4 55 63 (1024 2048 0 ) (1024 2048 5120 ) (0 2048 5120 ) (0 2048 0 ) 
4 55 57 (0 3072 5120 ) (0 3072 0 ) (0 2048 0 ) (0 2048 5120 ) 
4 55 56 (0 3072 0 ) (1024 3072 0 ) (1024 2048 0 ) (0 2048 0 ) 
4 56 64 (1024 2048 -256 ) (1024 2048 0 ) (0 2048 0 ) (0 2048 -256 ) 
4 56 58 (0 3072 0 ) (0 3072 -256 ) (0 2048 -256 ) (0 2048 0 ) 
4 57 81 (-1024 2048 0 ) (-1024 2048 5120 ) (-1024 3072 5120 ) (-1024 3072 0 ) 
4 57 65 (0 2048 0 ) (0 2048 5120 ) (-1024 2048 5120 ) (-1024 2048 0 ) 
4 57 58 (0 3072 0 ) (0 2048 0 ) (-1024 2048 0 ) (-1024 3072 0 ) 
4 58 82 (-1024 2048 -256 ) (-1024 2048 0 ) (-1024 3072 0 ) (-1024 3072 -256 ) 
4 58 66 (0 2048 -256 ) (0 2048 0 ) (-1024 2048 0 ) (-1024 2048 -256 ) 
4 59 63 (1024 2048 5120 ) (1024 2048 0 ) (1024 1024 0 ) (1024 1024 5120 ) 
4 59 61 (2048 1024 0 ) (2048 1024 5120 ) (1024 1024 5120 ) (1024 1024 0 ) 
4 59 60 (1024 1024 0 ) (1024 2048 0 ) (2048 2048 0 ) (2048 1024 0 ) 
4 60 64 (1024 2048 0 ) (1024 2048 -256 ) (1024 1024 -256 ) (1024 1024 0 ) 
4 60 62 (2048 1024 -256 ) (2048 1024 0 ) (1024 1024 0 ) (1024 1024 -256 ) 
4 61 123 (2048 0 0 ) (2048 0 5120 ) (1024 0 5120 ) (1024 0 0 ) 
4 61 67 (1024 0 0 ) (1024 0 5120 ) (1024 1024 5120 ) (1024 1024 0 ) 
4 61 62 (2048 0 0 ) (1024 0 0 ) (1024 1024 0 ) (2048 1024 0 ) 
4 62 124 (2048 0 -256 ) (2048 0 0 ) (1024 0 0 ) (1024 0 -256 ) 
4 62 68 (1024 0 -256 ) (1024 0 0 ) (1024 1024 0 ) (1024 1024 -256 ) 
4 63 67 (1024 1024 0 ) (1024 1024 5120 ) (0 1024 5120 ) (0 1024 0 ) 
4 63 65 (0 2048 5120 ) (0 2048 0 ) (0 1024 0 ) (0 1024 5120 ) 
4 63 64 (1024 1024 0 ) (0 1024 0 ) (0 2048 0 ) (1024 2048 0 ) 
4 64 68 (1024 1024 -256 ) (1024 1024 0 ) (0 1024 0 ) (0 1024 -256 ) 
4 64 66 (0 2048 0 ) (0 2048 -256 ) (0 1024 -256 ) (0 1024 0 ) 
4 65 91 (-1024 1024 0 ) (-1024 1024 5120 ) (-1024 2048 5120 ) (-1024 2048 0 ) 
4 65 69 (0 1024 0 ) (0 1024 5120 ) (-1024 1024 5120 ) (-1024 1024 0 ) 
4 65 66 (0 2048 0 ) (0 1024 0 ) (-1024 1024 0 ) (-1024 2048 0 ) 
4 66 92 (-1024 1024 -256 ) (-1024 1024 0 ) (-1024 2048 0 ) (-1024 2048 -256 ) 
4 66 70 (0 1024 -256 ) (0 1024 0 ) (-1024 1024 0 ) (-1024 1024 -256 ) 
4 67 125 (1024 0 0 ) (1024 0 5120 ) (0 0 5120 ) (0 0 0 ) 
4 67 69 (0 1024 5120 ) (0 1024 0 ) (0 0 0 ) (0 0 5120 ) 
4 67 68 (0 1024 0 ) (1024 1024 0 ) (1024 0 0 ) (0 0 0 ) 
4 68 126 (1024 0 -256 ) (1024 0 0 ) (0 0 0 ) (0 0 -256 ) 
4 68 70 (0 1024 0 ) (0 1024 -256 ) (0 0 -256 ) (0 0 0 ) 
4 69 127 (0 0 0 ) (0 0 5120 ) (-1024 0 5120 ) (-1024 0 0 ) 
4 69 93 (-1024 0 0 ) (-1024 0 5120 ) (-1024 1024 5120 ) (-1024 1024 0 ) 
4 69 70 (0 1024 0 ) (0 0 0 ) (-1024 0 0 ) (-1024 1024 0 ) 
4 70 128 (0 0 -256 ) (0 0 0 ) (-1024 0 0 ) (-1024 0 -256 ) 
4 70 94 (-1024 0 -256 ) (-1024 0 0 ) (-1024 1024 0 ) (-1024 1024 -256 ) 
4 71 79 (-1024 4096 0 ) (-1024 4096 5120 ) (-2048 4096 5120 ) (-2048 4096 0 ) 
4 71 73 (-2048 4096 0 ) (-2048 4096 5120 ) (-2048 5120 5120 ) (-2048 5120 0 ) 
4 71 72 (-2048 4096 0 ) (-2048 5120 0 ) (-1024 5120 0 ) (-1024 4096 0 ) 
4 72 80 (-1024 4096 -256 ) (-1024 4096 0 ) (-2048 4096 0 ) (-2048 4096 -256 ) 
4 72 74 (-2048 4096 -256 ) (-2048 4096 0 ) (-2048 5120 0 ) (-2048 5120 -256 ) 
4 73 83 (-2048 4096 0 ) (-2048 4096 5120 ) (-3072 4096 5120 ) (-3072 4096 0 ) 
4 73 75 (-3072 4096 0 ) (-3072 4096 5120 ) (-3072 5120 5120 ) (-3072 5120 0 ) 
4 73 74 (-3072 5120 0 ) (-2048 5120 0 ) (-2048 4096 0 ) (-3072 4096 0 ) 
4 74 84 (-2048 4096 -256 ) (-2048 4096 0 ) (-3072 4096 0 ) (-3072 4096 -256 ) 
4 74 76 (-3072 4096 -256 ) (-3072 4096 0 ) (-3072 5120 0 ) (-3072 5120 -256 ) 
4 75 85 (-3072 4096 0 ) (-3072 4096 5120 ) (-4096 4096 5120 ) (-4096 4096 0 ) 
4 75 77 (-4096 4096 0 ) (-4096 4096 5120 ) (-4096 5120 5120 ) (-4096 5120 0 ) 
4 75 76 (-4096 5120 0 ) (-3072 5120 0 ) (-3072 4096 0 ) (-4096 4096 0 ) 
4 76 86 (-3072 4096 -256 ) (-3072 4096 0 ) (-4096 4096 0 ) (-4096 4096 -256 ) 
4 76 78 (-4096 4096 -256 ) (-4096 4096 0 ) (-4096 5120 0 ) (-4096 5120 -256 ) 
4 77 103 (-4096 4096 0 ) (-4096 4096 5120 ) (-5120 4096 5120 ) (-5120 4096 0 ) 
4 77 78 (-4096 4096 0 ) (-5120 4096 0 ) (-5120 5120 0 ) (-4096 5120 0 ) 
4 78 104 (-4096 4096 -256 ) (-4096 4096 0 ) (-5120 4096 0 ) (-5120 4096 -256 ) 
4 79 83 (-2048 4096 5120 ) (-2048 4096 0 ) (-2048 3072 0 ) (-2048 3072 5120 ) 
4 79 81 (-1024 3072 0 ) (-1024 3072 5120 ) (-2048 3072 5120 ) (-2048 3072 0 ) 
4 79 80 (-2048 3072 0 ) (-2048 4096 0 ) (-1024 4096 0 ) (-1024 3072 0 ) 
4 80 84 (-2048 4096 0 ) (-2048 4096 -256 ) (-2048 3072 -256 ) (-2048 3072 0 ) 
4 80 82 (-1024 3072 -256 ) (-1024 3072 0 ) (-2048 3072 0 ) (-2048 3072 -256 ) 
4 81 91 (-1024 2048 0 ) (-1024 2048 5120 ) (-2048 2048 5120 ) (-2048 2048 0 ) 
4 81 87 (-2048 2048 0 ) (-2048 2048 5120 ) (-2048 3072 5120 ) (-2048 3072 0 ) 
4 81 82 (-2048 2048 0 ) (-2048 3072 0 ) (-1024 3072 0 ) (-1024 2048 0 ) 
4 82 92 (-1024 2048 -256 ) (-1024 2048 0 ) (-2048 2048 0 ) (-2048 2048 -256 ) 
4 82 88 (-2048 2048 -256 ) (-2048 2048 0 ) (-2048 3072 0 ) (-2048 3072 -256 ) 
4 83 87 (-2048 3072 0 ) (-2048 3072 5120 ) (-3072 3072 5120 ) (-3072 3072 0 ) 
4 83 85 (-3072 4096 5120 ) (-3072 4096 0 ) (-3072 3072 0 ) (-3072 3072 5120 ) 
4 83 84 (-2048 3072 0 ) (-3072 3072 0 ) (-3072 4096 0 ) (-2048 4096 0 ) 
4 84 88 (-2048 3072 -256 ) (-2048 3072 0 ) (-3072 3072 0 ) (-3072 3072 -256 ) 
4 84 86 (-3072 4096 0 ) (-3072 4096 -256 ) (-3072 3072 -256 ) (-3072 3072 0 ) 
4 85 103 (-4096 4096 5120 ) (-4096 4096 0 ) (-4096 3072 0 ) (-4096 3072 5120 ) 
4 85 89 (-3072 3072 0 ) (-3072 3072 5120 ) (-4096 3072 5120 ) (-4096 3072 0 ) 
4 85 86 (-4096 4096 0 ) (-3072 4096 0 ) (-3072 3072 0 ) (-4096 3072 0 ) 
4 86 104 (-4096 4096 0 ) (-4096 4096 -256 ) (-4096 3072 -256 ) (-4096 3072 0 ) 
4 86 90 (-3072 3072 -256 ) (-3072 3072 0 ) (-4096 3072 0 ) (-4096 3072 -256 ) 
4 87 95 (-2048 2048 0 ) (-2048 2048 5120 ) (-3072 2048 5120 ) (-3072 2048 0 ) 
4 87 89 (-3072 3072 5120 ) (-3072 3072 0 ) (-3072 2048 0 ) (-3072 2048 5120 ) 
4 87 88 (-3072 3072 0 ) (-2048 3072 0 ) (-2048 2048 0 ) (-3072 2048 0 ) 
4 88 96 (-2048 2048 -256 ) (-2048 2048 0 ) (-3072 2048 0 ) (-3072 2048 -256 ) 
4 88 90 (-3072 3072 0 ) (-3072 3072 -256 ) (-3072 2048 -256 ) (-3072 2048 0 ) 
4 89 105 (-4096 2048 0 ) (-4096 2048 5120 ) (-4096 3072 5120 ) (-4096 3072 0 ) 
4 89 97 (-3072 2048 0 ) (-3072 2048 5120 ) (-4096 2048 5120 ) (-4096 2048 0 ) 
4 89 90 (-3072 3072 0 ) (-3072 2048 0 ) (-4096 2048 0 ) (-4096 3072 0 ) 
4 90 106 (-4096 2048 -256 ) (-4096 2048 0 ) (-4096 3072 0 ) (-4096 3072 -256 ) 
4 90 98 (-3072 2048 -256 ) (-3072 2048 0 ) (-4096 2048 0 ) (-4096 2048 -256 ) 
4 91 95 (-2048 2048 5120 ) (-2048 2048 0 ) (-2048 1024 0 ) (-2048 1024 5120 ) 
4 91 93 (-1024 1024 0 ) (-1024 1024 5120 ) (-2048 1024 5120 ) (-2048 1024 0 ) 
4 91 92 (-2048 1024 0 ) (-2048 2048 0 ) (-1024 2048 0 ) (-1024 1024 0 ) 
4 92 96 (-2048 2048 0 ) (-2048 2048 -256 ) (-2048 1024 -256 ) (-2048 1024 0 ) 
4 92 94 (-1024 1024 -256 ) (-1024 1024 0 ) (-2048 1024 0 ) (-2048 1024 -256 ) 
4 93 161 (-1024 0 0 ) (-1024 0 5120 ) (-2048 0 5120 ) (-2048 0 0 ) 
4 93 99 (-2048 0 0 ) (-2048 0 5120 ) (-2048 1024 5120 ) (-2048 1024 0 ) 
4 93 94 (-1024 0 0 ) (-2048 0 0 ) (-2048 1024 0 ) (-1024 1024 0 ) 
4 94 162 (-1024 0 -256 ) (-1024 0 0 ) (-2048 0 0 ) (-2048 0 -256 ) 
4 94 100 (-2048 0 -256 ) (-2048 0 0 ) (-2048 1024 0 ) (-2048 1024 -256 ) 
4 95 99 (-2048 1024 0 ) (-2048 1024 5120 ) (-3072 1024 5120 ) (-3072 1024 0 ) 
4 95 97 (-3072 2048 5120 ) (-3072 2048 0 ) (-3072 1024 0 ) (-3072 1024 5120 ) 
4 95 96 (-2048 1024 0 ) (-3072 1024 0 ) (-3072 2048 0 ) (-2048 2048 0 ) 
4 96 100 (-2048 1024 -256 ) (-2048 1024 0 ) (-3072 1024 0 ) (-3072 1024 -256 ) 
4 96 98 (-3072 2048 0 ) (-3072 2048 -256 ) (-3072 1024 -256 ) (-3072 1024 0 ) 
4 97 107 (-4096 1024 0 ) (-4096 1024 5120 ) (-4096 2048 5120 ) (-4096 2048 0 ) 
4 97 101 (-3072 1024 0 ) (-3072 1024 5120 ) (-4096 1024 5120 ) (-4096 1024 0 ) 
4 97 98 (-3072 2048 0 ) (-3072 1024 0 ) (-4096 1024 0 ) (-4096 2048 0 ) 
4 98 108 (-4096 1024 -256 ) (-4096 1024 0 ) (-4096 2048 0 ) (-4096 2048 -256 ) 
4 98 102 (-3072 1024 -256 ) (-3072 1024 0 ) (-4096 1024 0 ) (-4096 1024 -256 ) 
4 99 163 (-2048 0 0 ) (-2048 0 5120 ) (-3072 0 5120 ) (-3072 0 0 ) 
4 99 101 (-3072 1024 5120 ) (-3072 1024 0 ) (-3072 0 0 ) (-3072 0 5120 ) 
4 99 100 (-3072 1024 0 ) (-2048 1024 0 ) (-2048 0 0 ) (-3072 0 0 ) 
4 100 164 (-2048 0 -256 ) (-2048 0 0 ) (-3072 0 0 ) (-3072 0 -256 ) 
4 100 102 (-3072 1024 0 ) (-3072 1024 -256 ) (-3072 0 -256 ) (-3072 0 0 ) 
4 101 165 (-3072 0 0 ) (-3072 0 5120 ) (-4096 0 5120 ) (-4096 0 0 ) 
4 101 109 (-4096 0 0 ) (-4096 0 5120 ) (-4096 1024 5120 ) (-4096 1024 0 ) 
4 101 102 (-3072 1024 0 ) (-3072 0 0 ) (-4096 0 0 ) (-4096 1024 0 ) 
4 102 166 (-3072 0 -256 ) (-3072 0 0 ) (-4096 0 0 ) (-4096 0 -256 ) 
4 102 110 (-4096 0 -256 ) (-4096 0 0 ) (-4096 1024 0 ) (-4096 1024 -256 ) 
4 103 105 (-4096 3072 0 ) (-4096 3072 5120 ) (-5120 3072 5120 ) (-5120 3072 0 ) 
4 103 104 (-5120 3072 0 ) (-5120 4096 0 ) (-4096 4096 0 ) (-4096 3072 0 ) 
4 104 106 (-4096 3072 -256 ) (-4096 3072 0 ) (-5120 3072 0 ) (-5120 3072 -256 ) 
4 105 107 (-4096 2048 0 ) (-4096 2048 5120 ) (-5120 2048 5120 ) (-5120 2048 0 ) 
4 105 106 (-5120 2048 0 ) (-5120 3072 0 ) (-4096 3072 0 ) (-4096 2048 0 ) 
4 106 108 (-4096 2048 -256 ) (-4096 2048 0 ) (-5120 2048 0 ) (-5120 2048 -256 ) 
4 107 109 (-4096 1024 0 ) (-4096 1024 5120 ) (-5120 1024 5120 ) (-5120 1024 0 ) 
4 107 108 (-5120 1024 0 ) (-5120 2048 0 ) (-4096 2048 0 ) (-4096 1024 0 ) 
4 108 110 (-4096 1024 -256 ) (-4096 1024 0 ) (-5120 1024 0 ) (-5120 1024 -256 ) 
4 109 179 (-4096 0 0 ) (-4096 0 5120 ) (-5120 0 5120 ) (-5120 0 0 ) 
4 109 110 (-4096 0 0 ) (-5120 0 0 ) (-5120 1024 0 ) (-4096 1024 0 ) 
4 110 180 (-4096 0 -256 ) (-4096 0 0 ) (-5120 0 0 ) (-5120 0 -256 ) 
4 111 115 (4096 -1024 0 ) (4096 -1024 5120 ) (3072 -1024 5120 ) (3072 -1024 0 ) 
4 111 113 (3072 0 5120 ) (3072 0 0 ) (3072 -1024 0 ) (3072 -1024 5120 ) 
4 111 112 (4096 -1024 0 ) (3072 -1024 0 ) (3072 0 0 ) (4096 0 0 ) 
4 112 116 (4096 -1024 -256 ) (4096 -1024 0 ) (3072 -1024 0 ) (3072 -1024 -256 ) 
4 112 114 (3072 0 0 ) (3072 0 -256 ) (3072 -1024 -256 ) (3072 -1024 0 ) 
4 113 123 (2048 0 5120 ) (2048 0 0 ) (2048 -1024 0 ) (2048 -1024 5120 ) 
4 113 117 (3072 -1024 0 ) (3072 -1024 5120 ) (2048 -1024 5120 ) (2048 -1024 0 ) 
4 113 114 (2048 0 0 ) (3072 0 0 ) (3072 -1024 0 ) (2048 -1024 0 ) 
4 114 124 (2048 0 0 ) (2048 0 -256 ) (2048 -1024 -256 ) (2048 -1024 0 ) 
4 114 118 (3072 -1024 -256 ) (3072 -1024 0 ) (2048 -1024 0 ) (2048 -1024 -256 ) 
4 115 119 (4096 -2048 0 ) (4096 -2048 5120 ) (3072 -2048 5120 ) (3072 -2048 0 ) 
4 115 117 (3072 -2048 0 ) (3072 -2048 5120 ) (3072 -1024 5120 ) (3072 -1024 0 ) 
4 115 116 (4096 -2048 0 ) (3072 -2048 0 ) (3072 -1024 0 ) (4096 -1024 0 ) 
4 116 120 (4096 -2048 -256 ) (4096 -2048 0 ) (3072 -2048 0 ) (3072 -2048 -256 ) 
4 116 118 (3072 -2048 -256 ) (3072 -2048 0 ) (3072 -1024 0 ) (3072 -1024 -256 ) 
4 117 129 (2048 -2048 0 ) (2048 -2048 5120 ) (2048 -1024 5120 ) (2048 -1024 0 ) 
4 117 121 (2048 -2048 5120 ) (2048 -2048 0 ) (3072 -2048 0 ) (3072 -2048 5120 ) 
4 117 118 (2048 -1024 0 ) (3072 -1024 0 ) (3072 -2048 0 ) (2048 -2048 0 ) 
4 118 130 (2048 -2048 -256 ) (2048 -2048 0 ) (2048 -1024 0 ) (2048 -1024 -256 ) 
4 118 122 (2048 -2048 0 ) (2048 -2048 -256 ) (3072 -2048 -256 ) (3072 -2048 0 ) 
4 119 141 (4096 -3072 0 ) (4096 -3072 5120 ) (3072 -3072 5120 ) (3072 -3072 0 ) 
4 119 121 (3072 -2048 5120 ) (3072 -2048 0 ) (3072 -3072 0 ) (3072 -3072 5120 ) 
4 119 120 (3072 -2048 0 ) (4096 -2048 0 ) (4096 -3072 0 ) (3072 -3072 0 ) 
4 120 142 (4096 -3072 -256 ) (4096 -3072 0 ) (3072 -3072 0 ) (3072 -3072 -256 ) 
4 120 122 (3072 -2048 0 ) (3072 -2048 -256 ) (3072 -3072 -256 ) (3072 -3072 0 ) 
4 121 143 (3072 -3072 0 ) (3072 -3072 5120 ) (2048 -3072 5120 ) (2048 -3072 0 ) 
4 121 131 (2048 -3072 0 ) (2048 -3072 5120 ) (2048 -2048 5120 ) (2048 -2048 0 ) 
4 121 122 (2048 -3072 0 ) (2048 -2048 0 ) (3072 -2048 0 ) (3072 -3072 0 ) 
4 122 144 (3072 -3072 -256 ) (3072 -3072 0 ) (2048 -3072 0 ) (2048 -3072 -256 ) 
4 122 132 (2048 -3072 -256 ) (2048 -3072 0 ) (2048 -2048 0 ) (2048 -2048 -256 ) 
4 123 129 (2048 -1024 0 ) (2048 -1024 5120 ) (1024 -1024 5120 ) (1024 -1024 0 ) 
4 123 125 (1024 0 5120 ) (1024 0 0 ) (1024 -1024 0 ) (1024 -1024 5120 ) 
4 123 124 (2048 -1024 0 ) (1024 -1024 0 ) (1024 0 0 ) (2048 0 0 ) 
4 124 130 (2048 -1024 -256 ) (2048 -1024 0 ) (1024 -1024 0 ) (1024 -1024 -256 ) 
4 124 126 (1024 0 0 ) (1024 0 -256 ) (1024 -1024 -256 ) (1024 -1024 0 ) 
4 125 133 (1024 -1024 0 ) (1024 -1024 5120 ) (0 -1024 5120 ) (0 -1024 0 ) 
4 125 127 (0 -1024 0 ) (0 -1024 5120 ) (0 0 5120 ) (0 0 0 ) 
4 125 126 (1024 -1024 0 ) (0 -1024 0 ) (0 0 0 ) (1024 0 0 ) 
4 126 134 (1024 -1024 -256 ) (1024 -1024 0 ) (0 -1024 0 ) (0 -1024 -256 ) 
4 126 128 (0 -1024 -256 ) (0 -1024 0 ) (0 0 0 ) (0 0 -256 ) 
4 127 161 (-1024 0 5120 ) (-1024 0 0 ) (-1024 -1024 0 ) (-1024 -1024 5120 ) 
4 127 135 (0 -1024 0 ) (0 -1024 5120 ) (-1024 -1024 5120 ) (-1024 -1024 0 ) 
4 127 128 (-1024 -1024 0 ) (-1024 0 0 ) (0 0 0 ) (0 -1024 0 ) 
4 128 162 (-1024 0 0 ) (-1024 0 -256 ) (-1024 -1024 -256 ) (-1024 -1024 0 ) 
4 128 136 (0 -1024 -256 ) (0 -1024 0 ) (-1024 -1024 0 ) (-1024 -1024 -256 ) 
4 129 133 (1024 -1024 5120 ) (1024 -1024 0 ) (1024 -2048 0 ) (1024 -2048 5120 ) 
4 129 131 (2048 -2048 0 ) (2048 -2048 5120 ) (1024 -2048 5120 ) (1024 -2048 0 ) 
4 129 130 (1024 -2048 0 ) (1024 -1024 0 ) (2048 -1024 0 ) (2048 -2048 0 ) 
4 130 134 (1024 -1024 0 ) (1024 -1024 -256 ) (1024 -2048 -256 ) (1024 -2048 0 ) 
4 130 132 (2048 -2048 -256 ) (2048 -2048 0 ) (1024 -2048 0 ) (1024 -2048 -256 ) 
4 131 149 (2048 -3072 0 ) (2048 -3072 5120 ) (1024 -3072 5120 ) (1024 -3072 0 ) 
4 131 137 (1024 -3072 0 ) (1024 -3072 5120 ) (1024 -2048 5120 ) (1024 -2048 0 ) 
4 131 132 (2048 -3072 0 ) (1024 -3072 0 ) (1024 -2048 0 ) (2048 -2048 0 ) 
4 132 150 (2048 -3072 -256 ) (2048 -3072 0 ) (1024 -3072 0 ) (1024 -3072 -256 ) 
4 132 138 (1024 -3072 -256 ) (1024 -3072 0 ) (1024 -2048 0 ) (1024 -2048 -256 ) 
4 133 137 (1024 -2048 0 ) (1024 -2048 5120 ) (0 -2048 5120 ) (0 -2048 0 ) 
4 133 135 (0 -1024 5120 ) (0 -1024 0 ) (0 -2048 0 ) (0 -2048 5120 ) 
4 133 134 (1024 -2048 0 ) (0 -2048 0 ) (0 -1024 0 ) (1024 -1024 0 ) 
4 134 138 (1024 -2048 -256 ) (1024 -2048 0 ) (0 -2048 0 ) (0 -2048 -256 ) 
4 134 136 (0 -1024 0 ) (0 -1024 -256 ) (0 -2048 -256 ) (0 -2048 0 ) 
4 135 167 (-1024 -2048 0 ) (-1024 -2048 5120 ) (-1024 -1024 5120 ) (-1024 -1024 0 ) 
4 135 139 (0 -2048 0 ) (0 -2048 5120 ) (-1024 -2048 5120 ) (-1024 -2048 0 ) 
4 135 136 (0 -1024 0 ) (0 -2048 0 ) (-1024 -2048 0 ) (-1024 -1024 0 ) 
4 136 168 (-1024 -2048 -256 ) (-1024 -2048 0 ) (-1024 -1024 0 ) (-1024 -1024 -256 ) 
4 136 140 (0 -2048 -256 ) (0 -2048 0 ) (-1024 -2048 0 ) (-1024 -2048 -256 ) 
4 137 153 (1024 -3072 0 ) (1024 -3072 5120 ) (0 -3072 5120 ) (0 -3072 0 ) 
4 137 139 (0 -2048 5120 ) (0 -2048 0 ) (0 -3072 0 ) (0 -3072 5120 ) 
4 137 138 (0 -2048 0 ) (1024 -2048 0 ) (1024 -3072 0 ) (0 -3072 0 ) 
4 138 154 (1024 -3072 -256 ) (1024 -3072 0 ) (0 -3072 0 ) (0 -3072 -256 ) 
4 138 140 (0 -2048 0 ) (0 -2048 -256 ) (0 -3072 -256 ) (0 -3072 0 ) 
4 139 169 (-1024 -3072 0 ) (-1024 -3072 5120 ) (-1024 -2048 5120 ) (-1024 -2048 0 ) 
4 139 155 (0 -3072 0 ) (0 -3072 5120 ) (-1024 -3072 5120 ) (-1024 -3072 0 ) 
4 139 140 (0 -2048 0 ) (0 -3072 0 ) (-1024 -3072 0 ) (-1024 -2048 0 ) 
4 140 170 (-1024 -3072 -256 ) (-1024 -3072 0 ) (-1024 -2048 0 ) (-1024 -2048 -256 ) 
4 140 156 (0 -3072 -256 ) (0 -3072 0 ) (-1024 -3072 0 ) (-1024 -3072 -256 ) 
4 141 145 (4096 -4096 0 ) (4096 -4096 5120 ) (3072 -4096 5120 ) (3072 -4096 0 ) 
4 141 143 (3072 -4096 0 ) (3072 -4096 5120 ) (3072 -3072 5120 ) (3072 -3072 0 ) 
4 141 142 (4096 -4096 0 ) (3072 -4096 0 ) (3072 -3072 0 ) (4096 -3072 0 ) 
4 142 146 (4096 -4096 -256 ) (4096 -4096 0 ) (3072 -4096 0 ) (3072 -4096 -256 ) 
4 142 144 (3072 -4096 -256 ) (3072 -4096 0 ) (3072 -3072 0 ) (3072 -3072 -256 ) 
4 143 149 (2048 -3072 5120 ) (2048 -3072 0 ) (2048 -4096 0 ) (2048 -4096 5120 ) 
4 143 147 (2048 -4096 5120 ) (2048 -4096 0 ) (3072 -4096 0 ) (3072 -4096 5120 ) 
4 143 144 (3072 -3072 0 ) (3072 -4096 0 ) (2048 -4096 0 ) (2048 -3072 0 ) 
4 144 150 (2048 -3072 0 ) (2048 -3072 -256 ) (2048 -4096 -256 ) (2048 -4096 0 ) 
4 144 148 (2048 -4096 0 ) (2048 -4096 -256 ) (3072 -4096 -256 ) (3072 -4096 0 ) 
4 145 147 (3072 -4096 5120 ) (3072 -4096 0 ) (3072 -5120 0 ) (3072 -5120 5120 ) 
4 145 146 (3072 -4096 0 ) (4096 -4096 0 ) (4096 -5120 0 ) (3072 -5120 0 ) 
4 146 148 (3072 -4096 0 ) (3072 -4096 -256 ) (3072 -5120 -256 ) (3072 -5120 0 ) 
4 147 151 (2048 -5120 0 ) (2048 -5120 5120 ) (2048 -4096 5120 ) (2048 -4096 0 ) 
4 147 148 (2048 -5120 0 ) (2048 -4096 0 ) (3072 -4096 0 ) (3072 -5120 0 ) 
4 148 152 (2048 -5120 -256 ) (2048 -5120 0 ) (2048 -4096 0 ) (2048 -4096 -256 ) 
4 149 153 (1024 -3072 5120 ) (1024 -3072 0 ) (1024 -4096 0 ) (1024 -4096 5120 ) 
4 149 151 (2048 -4096 0 ) (2048 -4096 5120 ) (1024 -4096 5120 ) (1024 -4096 0 ) 
4 149 150 (1024 -4096 0 ) (1024 -3072 0 ) (2048 -3072 0 ) (2048 -4096 0 ) 
4 150 154 (1024 -3072 0 ) (1024 -3072 -256 ) (1024 -4096 -256 ) (1024 -4096 0 ) 
4 150 152 (2048 -4096 -256 ) (2048 -4096 0 ) (1024 -4096 0 ) (1024 -4096 -256 ) 
4 151 157 (1024 -5120 0 ) (1024 -5120 5120 ) (1024 -4096 5120 ) (1024 -4096 0 ) 
4 151 152 (1024 -5120 0 ) (1024 -4096 0 ) (2048 -4096 0 ) (2048 -5120 0 ) 
4 152 158 (1024 -5120 -256 ) (1024 -5120 0 ) (1024 -4096 0 ) (1024 -4096 -256 ) 
4 153 157 (1024 -4096 0 ) (1024 -4096 5120 ) (0 -4096 5120 ) (0 -4096 0 ) 
4 153 155 (0 -3072 5120 ) (0 -3072 0 ) (0 -4096 0 ) (0 -4096 5120 ) 
4 153 154 (1024 -4096 0 ) (0 -4096 0 ) (0 -3072 0 ) (1024 -3072 0 ) 
4 154 158 (1024 -4096 -256 ) (1024 -4096 0 ) (0 -4096 0 ) (0 -4096 -256 ) 
4 154 156 (0 -3072 0 ) (0 -3072 -256 ) (0 -4096 -256 ) (0 -4096 0 ) 
4 155 185 (-1024 -4096 0 ) (-1024 -4096 5120 ) (-1024 -3072 5120 ) (-1024 -3072 0 ) 
4 155 159 (0 -4096 0 ) (0 -4096 5120 ) (-1024 -4096 5120 ) (-1024 -4096 0 ) 
4 155 156 (0 -3072 0 ) (0 -4096 0 ) (-1024 -4096 0 ) (-1024 -3072 0 ) 
4 156 186 (-1024 -4096 -256 ) (-1024 -4096 0 ) (-1024 -3072 0 ) (-1024 -3072 -256 ) 
4 156 160 (0 -4096 -256 ) (0 -4096 0 ) (-1024 -4096 0 ) (-1024 -4096 -256 ) 
4 157 159 (0 -4096 5120 ) (0 -4096 0 ) (0 -5120 0 ) (0 -5120 5120 ) 
4 157 158 (0 -4096 0 ) (1024 -4096 0 ) (1024 -5120 0 ) (0 -5120 0 ) 
4 158 160 (0 -4096 0 ) (0 -4096 -256 ) (0 -5120 -256 ) (0 -5120 0 ) 
4 159 187 (-1024 -5120 0 ) (-1024 -5120 5120 ) (-1024 -4096 5120 ) (-1024 -4096 0 ) 
4 159 160 (0 -4096 0 ) (0 -5120 0 ) (-1024 -5120 0 ) (-1024 -4096 0 ) 
4 160 188 (-1024 -5120 -256 ) (-1024 -5120 0 ) (-1024 -4096 0 ) (-1024 -4096 -256 ) 
4 161 167 (-1024 -1024 0 ) (-1024 -1024 5120 ) (-2048 -1024 5120 ) (-2048 -1024 0 ) 
4 161 163 (-2048 0 5120 ) (-2048 0 0 ) (-2048 -1024 0 ) (-2048 -1024 5120 ) 
4 161 162 (-1024 -1024 0 ) (-2048 -1024 0 ) (-2048 0 0 ) (-1024 0 0 ) 
4 162 168 (-1024 -1024 -256 ) (-1024 -1024 0 ) (-2048 -1024 0 ) (-2048 -1024 -256 ) 
4 162 164 (-2048 0 0 ) (-2048 0 -256 ) (-2048 -1024 -256 ) (-2048 -1024 0 ) 
4 163 171 (-2048 -1024 0 ) (-2048 -1024 5120 ) (-3072 -1024 5120 ) (-3072 -1024 0 ) 
4 163 165 (-3072 -1024 0 ) (-3072 -1024 5120 ) (-3072 0 5120 ) (-3072 0 0 ) 
4 163 164 (-2048 -1024 0 ) (-3072 -1024 0 ) (-3072 0 0 ) (-2048 0 0 ) 
4 164 172 (-2048 -1024 -256 ) (-2048 -1024 0 ) (-3072 -1024 0 ) (-3072 -1024 -256 ) 
4 164 166 (-3072 -1024 -256 ) (-3072 -1024 0 ) (-3072 0 0 ) (-3072 0 -256 ) 
4 165 179 (-4096 0 5120 ) (-4096 0 0 ) (-4096 -1024 0 ) (-4096 -1024 5120 ) 
4 165 173 (-3072 -1024 0 ) (-3072 -1024 5120 ) (-4096 -1024 5120 ) (-4096 -1024 0 ) 
4 165 166 (-4096 -1024 0 ) (-4096 0 0 ) (-3072 0 0 ) (-3072 -1024 0 ) 
4 166 180 (-4096 0 0 ) (-4096 0 -256 ) (-4096 -1024 -256 ) (-4096 -1024 0 ) 
4 166 174 (-3072 -1024 -256 ) (-3072 -1024 0 ) (-4096 -1024 0 ) (-4096 -1024 -256 ) 
4 167 171 (-2048 -1024 5120 ) (-2048 -1024 0 ) (-2048 -2048 0 ) (-2048 -2048 5120 ) 
4 167 169 (-1024 -2048 0 ) (-1024 -2048 5120 ) (-2048 -2048 5120 ) (-2048 -2048 0 ) 
4 167 168 (-2048 -2048 0 ) (-2048 -1024 0 ) (-1024 -1024 0 ) (-1024 -2048 0 ) 
4 168 172 (-2048 -1024 0 ) (-2048 -1024 -256 ) (-2048 -2048 -256 ) (-2048 -2048 0 ) 
4 168 170 (-1024 -2048 -256 ) (-1024 -2048 0 ) (-2048 -2048 0 ) (-2048 -2048 -256 ) 
4 169 185 (-1024 -3072 0 ) (-1024 -3072 5120 ) (-2048 -3072 5120 ) (-2048 -3072 0 ) 
4 169 175 (-2048 -3072 0 ) (-2048 -3072 5120 ) (-2048 -2048 5120 ) (-2048 -2048 0 ) 
4 169 170 (-2048 -3072 0 ) (-2048 -2048 0 ) (-1024 -2048 0 ) (-1024 -3072 0 ) 
4 170 186 (-1024 -3072 -256 ) (-1024 -3072 0 ) (-2048 -3072 0 ) (-2048 -3072 -256 ) 
4 170 176 (-2048 -3072 -256 ) (-2048 -3072 0 ) (-2048 -2048 0 ) (-2048 -2048 -256 ) 
4 171 175 (-2048 -2048 0 ) (-2048 -2048 5120 ) (-3072 -2048 5120 ) (-3072 -2048 0 ) 
4 171 173 (-3072 -1024 5120 ) (-3072 -1024 0 ) (-3072 -2048 0 ) (-3072 -2048 5120 ) 
4 171 172 (-2048 -2048 0 ) (-3072 -2048 0 ) (-3072 -1024 0 ) (-2048 -1024 0 ) 
4 172 176 (-2048 -2048 -256 ) (-2048 -2048 0 ) (-3072 -2048 0 ) (-3072 -2048 -256 ) 
4 172 174 (-3072 -1024 0 ) (-3072 -1024 -256 ) (-3072 -2048 -256 ) (-3072 -2048 0 ) 
4 173 181 (-4096 -2048 0 ) (-4096 -2048 5120 ) (-4096 -1024 5120 ) (-4096 -1024 0 ) 
4 173 177 (-3072 -2048 0 ) (-3072 -2048 5120 ) (-4096 -2048 5120 ) (-4096 -2048 0 ) 
4 173 174 (-3072 -1024 0 ) (-3072 -2048 0 ) (-4096 -2048 0 ) (-4096 -1024 0 ) 
4 174 182 (-4096 -2048 -256 ) (-4096 -2048 0 ) (-4096 -1024 0 ) (-4096 -1024 -256 ) 
4 174 178 (-3072 -2048 -256 ) (-3072 -2048 0 ) (-4096 -2048 0 ) (-4096 -2048 -256 ) 
4 175 189 (-2048 -3072 0 ) (-2048 -3072 5120 ) (-3072 -3072 5120 ) (-3072 -3072 0 ) 
4 175 177 (-3072 -2048 5120 ) (-3072 -2048 0 ) (-3072 -3072 0 ) (-3072 -3072 5120 ) 
4 175 176 (-3072 -2048 0 ) (-2048 -2048 0 ) (-2048 -3072 0 ) (-3072 -3072 0 ) 
4 176 190 (-2048 -3072 -256 ) (-2048 -3072 0 ) (-3072 -3072 0 ) (-3072 -3072 -256 ) 
4 176 178 (-3072 -2048 0 ) (-3072 -2048 -256 ) (-3072 -3072 -256 ) (-3072 -3072 0 ) 
4 177 191 (-3072 -3072 0 ) (-3072 -3072 5120 ) (-4096 -3072 5120 ) (-4096 -3072 0 ) 
4 177 183 (-4096 -3072 0 ) (-4096 -3072 5120 ) (-4096 -2048 5120 ) (-4096 -2048 0 ) 
4 177 178 (-3072 -2048 0 ) (-3072 -3072 0 ) (-4096 -3072 0 ) (-4096 -2048 0 ) 
4 178 192 (-3072 -3072 -256 ) (-3072 -3072 0 ) (-4096 -3072 0 ) (-4096 -3072 -256 ) 
4 178 184 (-4096 -3072 -256 ) (-4096 -3072 0 ) (-4096 -2048 0 ) (-4096 -2048 -256 ) 
4 179 181 (-4096 -1024 0 ) (-4096 -1024 5120 ) (-5120 -1024 5120 ) (-5120 -1024 0 ) 
4 179 180 (-4096 -1024 0 ) (-5120 -1024 0 ) (-5120 0 0 ) (-4096 0 0 ) 
4 180 182 (-4096 -1024 -256 ) (-4096 -1024 0 ) (-5120 -1024 0 ) (-5120 -1024 -256 ) 
4 181 183 (-4096 -2048 0 ) (-4096 -2048 5120 ) (-5120 -2048 5120 ) (-5120 -2048 0 ) 
4 181 182 (-5120 -2048 0 ) (-5120 -1024 0 ) (-4096 -1024 0 ) (-4096 -2048 0 ) 
4 182 184 (-4096 -2048 -256 ) (-4096 -2048 0 ) (-5120 -2048 0 ) (-5120 -2048 -256 ) 
4 183 197 (-4096 -3072 0 ) (-4096 -3072 5120 ) (-5120 -3072 5120 ) (-5120 -3072 0 ) 
4 183 184 (-4096 -3072 0 ) (-5120 -3072 0 ) (-5120 -2048 0 ) (-4096 -2048 0 ) 
4 184 198 (-4096 -3072 -256 ) (-4096 -3072 0 ) (-5120 -3072 0 ) (-5120 -3072 -256 ) 
4 185 189 (-2048 -3072 5120 ) (-2048 -3072 0 ) (-2048 -4096 0 ) (-2048 -4096 5120 ) 
4 185 187 (-1024 -4096 0 ) (-1024 -4096 5120 ) (-2048 -4096 5120 ) (-2048 -4096 0 ) 
4 185 186 (-2048 -4096 0 ) (-2048 -3072 0 ) (-1024 -3072 0 ) (-1024 -4096 0 ) 
4 186 190 (-2048 -3072 0 ) (-2048 -3072 -256 ) (-2048 -4096 -256 ) (-2048 -4096 0 ) 
4 186 188 (-1024 -4096 -256 ) (-1024 -4096 0 ) (-2048 -4096 0 ) (-2048 -4096 -256 ) 
4 187 193 (-2048 -5120 0 ) (-2048 -5120 5120 ) (-2048 -4096 5120 ) (-2048 -4096 0 ) 
4 187 188 (-2048 -5120 0 ) (-2048 -4096 0 ) (-1024 -4096 0 ) (-1024 -5120 0 ) 
4 188 194 (-2048 -5120 -256 ) (-2048 -5120 0 ) (-2048 -4096 0 ) (-2048 -4096 -256 ) 
4 189 193 (-2048 -4096 0 ) (-2048 -4096 5120 ) (-3072 -4096 5120 ) (-3072 -4096 0 ) 
4 189 191 (-3072 -3072 5120 ) (-3072 -3072 0 ) (-3072 -4096 0 ) (-3072 -4096 5120 ) 
4 189 190 (-2048 -4096 0 ) (-3072 -4096 0 ) (-3072 -3072 0 ) (-2048 -3072 0 ) 
4 190 194 (-2048 -4096 -256 ) (-2048 -4096 0 ) (-3072 -4096 0 ) (-3072 -4096 -256 ) 
4 190 192 (-3072 -3072 0 ) (-3072 -3072 -256 ) (-3072 -4096 -256 ) (-3072 -4096 0 ) 
4 191 197 (-4096 -3072 5120 ) (-4096 -3072 0 ) (-4096 -4096 0 ) (-4096 -4096 5120 ) 
4 191 195 (-3072 -4096 0 ) (-3072 -4096 5120 ) (-4096 -4096 5120 ) (-4096 -4096 0 ) 
4 191 192 (-4096 -3072 0 ) (-3072 -3072 0 ) (-3072 -4096 0 ) (-4096 -4096 0 ) 
4 192 198 (-4096 -3072 0 ) (-4096 -3072 -256 ) (-4096 -4096 -256 ) (-4096 -4096 0 ) 
4 192 196 (-3072 -4096 -256 ) (-3072 -4096 0 ) (-4096 -4096 0 ) (-4096 -4096 -256 ) 
4 193 195 (-3072 -4096 5120 ) (-3072 -4096 0 ) (-3072 -5120 0 ) (-3072 -5120 5120 ) 
4 193 194 (-3072 -4096 0 ) (-2048 -4096 0 ) (-2048 -5120 0 ) (-3072 -5120 0 ) 
4 194 196 (-3072 -4096 0 ) (-3072 -4096 -256 ) (-3072 -5120 -256 ) (-3072 -5120 0 ) 
4 195 199 (-4096 -5120 0 ) (-4096 -5120 5120 ) (-4096 -4096 5120 ) (-4096 -4096 0 ) 
4 195 196 (-3072 -4096 0 ) (-3072 -5120 0 ) (-4096 -5120 0 ) (-4096 -4096 0 ) 
4 196 200 (-4096 -5120 -256 ) (-4096 -5120 0 ) (-4096 -4096 0 ) (-4096 -4096 -256 ) 
4 197 199 (-4096 -4096 0 ) (-4096 -4096 5120 ) (-5120 -4096 5120 ) (-5120 -4096 0 ) 
4 197 198 (-5120 -4096 0 ) (-5120 -3072 0 ) (-4096 -3072 0 ) (-4096 -4096 0 ) 
4 198 200 (-4096 -4096 -256 ) (-4096 -4096 0 ) (-5120 -4096 0 ) (-5120 -4096 -256 ) 
4 199 200 (-5120 -5120 0 ) (-5120 -4096 0 ) (-4096 -4096 0 ) (-4096 -5120 0 ) 
